
> react-example@0.0.0 build
> vite build

[36mvite v6.4.2 [32mbuilding for production...[36m[39m
transforming...
[32mΓ£ô[39m 28 modules transformed.
node.exe : [31mΓ£ù[39m Build failed in 423ms
At line:1 char:1
+ & "C:\Program Files\nodejs/node.exe" "C:\Users\mahan\AppData\Roaming\ ...
+ ~~~~~~~~~~~~~~~~~~~~~~~~~~~~~~~~~~~~~~~~~~~~~~~~~~~~~~~~~~~~~~~~~~~~~
    + CategoryInfo          : NotSpecified: ([31mΓ£ù[39m Build failed in 423ms:String) [], RemoteException
    + FullyQualifiedErrorId : NativeCommandError
 
[31merror during build:
[31m[vite:esbuild] Transform failed with 1 error:
D:/clg-event-builder/quest_-the-code-scavenger/frontend/src/components/AdminPanel.tsx:280:14: ERROR: Unexpected 
closing "div" tag does not match opening "CardContent" tag[31m
file: [36mD:/clg-event-builder/quest_-the-code-scavenger/frontend/src/components/AdminPanel.tsx:280:14[31m
[33m
[33mUnexpected closing "div" tag does not match opening "CardContent" tag[33m
278|                  </Button>
279|                </div>
280|              </div>
   |                ^
281|            </div>
282|          </motion.div>
[31m
    at failureErrorWithLog 
(D:\clg-event-builder\quest_-the-code-scavenger\frontend\node_modules\vite\node_modules\esbuild\lib\main.js:1467:15)
    at 
D:\clg-event-builder\quest_-the-code-scavenger\frontend\node_modules\vite\node_modules\esbuild\lib\main.js:736:50
    at responseCallbacks.<computed> 
(D:\clg-event-builder\quest_-the-code-scavenger\frontend\node_modules\vite\node_modules\esbuild\lib\main.js:603:9)
    at handleIncomingPacket 
(D:\clg-event-builder\quest_-the-code-scavenger\frontend\node_modules\vite\node_modules\esbuild\lib\main.js:658:12)
    at Socket.readFromStdout 
(D:\clg-event-builder\quest_-the-code-scavenger\frontend\node_modules\vite\node_modules\esbuild\lib\main.js:581:7)
    at Socket.emit (node:events:508:28)
    at addChunk (node:internal/streams/readable:559:12)
    at readableAddChunkPushByteMode (node:internal/streams/readable:510:3)
    at Readable.push (node:internal/streams/readable:390:5)
    at Pipe.onStreamRead (node:internal/stream_base_commons:189:23)[39m
